../USB_DEVICE/App/usbd_cdc_if.c:163:15:CDC_Init_FS	8	static
../USB_DEVICE/App/usbd_cdc_if.c:177:15:CDC_DeInit_FS	4	static
../USB_DEVICE/App/usbd_cdc_if.c:191:15:CDC_Control_FS	16	static
../USB_DEVICE/App/usbd_cdc_if.c:284:15:CDC_Receive_FS	24	static
../USB_DEVICE/App/usbd_cdc_if.c:322:9:CDC_Transmit_FS	24	static
../USB_DEVICE/App/usbd_cdc_if.c:350:15:CDC_TransmitCplt_FS	32	static
../USB_DEVICE/App/usbd_cdc_if.c:363:9:CDC_Receive_Complete_FS	4	static
../USB_DEVICE/App/usbd_cdc_if.c:368:9:CDC_Transmit_Complete_FS	4	static
../USB_DEVICE/App/usbd_cdc_if.c:373:7:CDC_Receive_Data	8	static
