../Core/Src/main.c:152:6:LED_test	8	static
../Core/Src/main.c:173:6:DIP_test	8	static
../Core/Src/main.c:181:6:Transmitter_Receiver_test	8	static
../Core/Src/main.c:196:6:Enable_Bridge_test	8	static
../Core/Src/main.c:206:6:ADC_Start	4	static
../Core/Src/main.c:214:6:ADCDMA_Init	8	static
../Core/Src/main.c:240:6:ADC_Init	8	static
../Core/Src/main.c:288:6:setParameters	16	static
../Core/Src/main.c:311:5:main	96	static
../Core/Src/main.c:413:6:SystemClock_Config	312	static
../Core/Src/main.c:497:13:MX_ADC1_Init	48	static
../Core/Src/main.c:562:13:MX_IWDG1_Init	8	static
../Core/Src/main.c:591:13:MX_SPI2_Init	8	static
../Core/Src/main.c:639:13:MX_TIM1_Init	112	static
../Core/Src/main.c:727:13:MX_TIM2_Init	40	static
../Core/Src/main.c:771:13:MX_TIM3_Init	40	static
../Core/Src/main.c:816:13:MX_TIM4_Init	40	static
../Core/Src/main.c:861:13:MX_TIM5_Init	56	static
../Core/Src/main.c:910:13:MX_GPIO_Init	64	static
../Core/Src/main.c:1018:6:Error_Handler	4	static
