../Core/Src/main.c:151:6:LED_test	8	static
../Core/Src/main.c:172:6:DIP_test	8	static
../Core/Src/main.c:180:6:Transmitter_Receiver_test	8	static
../Core/Src/main.c:195:6:Enable_Bridge_test	8	static
../Core/Src/main.c:205:6:ADC_Start	4	static
../Core/Src/main.c:213:6:ADCDMA_Init	8	static
../Core/Src/main.c:239:6:ADC_Init	8	static
../Core/Src/main.c:287:6:setParameters	16	static
../Core/Src/main.c:310:5:main	80	static
../Core/Src/main.c:490:6:SystemClock_Config	312	static
../Core/Src/main.c:574:13:MX_ADC1_Init	48	static
../Core/Src/main.c:639:13:MX_IWDG1_Init	8	static
../Core/Src/main.c:668:13:MX_SPI2_Init	8	static
../Core/Src/main.c:716:13:MX_TIM1_Init	112	static
../Core/Src/main.c:804:13:MX_TIM2_Init	40	static
../Core/Src/main.c:848:13:MX_TIM3_Init	40	static
../Core/Src/main.c:893:13:MX_TIM4_Init	40	static
../Core/Src/main.c:938:13:MX_TIM5_Init	56	static
../Core/Src/main.c:987:13:MX_GPIO_Init	64	static
../Core/Src/main.c:1095:6:Error_Handler	4	static
