../Core/Src/stm32h7xx_it.c:265:7:max	16	static
../Core/Src/stm32h7xx_it.c:272:7:min	16	static
../Core/Src/stm32h7xx_it.c:279:7:max3	24	static
../Core/Src/stm32h7xx_it.c:283:7:min3	24	static
../Core/Src/stm32h7xx_it.c:323:6:NMI_Handler	4	static
../Core/Src/stm32h7xx_it.c:336:6:HardFault_Handler	4	static
../Core/Src/stm32h7xx_it.c:351:6:MemManage_Handler	4	static
../Core/Src/stm32h7xx_it.c:366:6:BusFault_Handler	4	static
../Core/Src/stm32h7xx_it.c:381:6:UsageFault_Handler	4	static
../Core/Src/stm32h7xx_it.c:396:6:SVC_Handler	4	static
../Core/Src/stm32h7xx_it.c:409:6:DebugMon_Handler	4	static
../Core/Src/stm32h7xx_it.c:422:6:PendSV_Handler	4	static
../Core/Src/stm32h7xx_it.c:435:6:SysTick_Handler	8	static
../Core/Src/stm32h7xx_it.c:456:6:EXTI9_5_IRQHandler	8	static
../Core/Src/stm32h7xx_it.c:470:6:TIM2_IRQHandler	24	static
../Core/Src/stm32h7xx_it.c:795:6:TIM3_IRQHandler	8	static
../Core/Src/stm32h7xx_it.c:819:6:TIM4_IRQHandler	16	static
../Core/Src/stm32h7xx_it.c:921:6:EXTI15_10_IRQHandler	8	static
../Core/Src/stm32h7xx_it.c:936:6:TIM5_IRQHandler	8	static
../Core/Src/stm32h7xx_it.c:950:6:OTG_FS_IRQHandler	8	static
../Core/Src/stm32h7xx_it.c:963:6:DMA1_Stream0_IRQHandler	4	static
../Core/Src/stm32h7xx_it.c:970:6:ADC_IRQHandler	8	static
