17:03:17 **** Incremental Build of configuration Debug for project UEB_2 ****
make -j8 all 
arm-none-eabi-gcc "../Drivers/Communication/communication.c" -mcpu=cortex-m7 -std=gnu11 -g3 -DUSE_HAL_DRIVER -DSTM32H743xx -DDEBUG -c -I../Core/Inc -I../Drivers/Communication -I../Drivers/STM32H7xx_HAL_Driver/Inc -I../Drivers/STM32H7xx_HAL_Driver/Inc/Legacy -I../Drivers/CMSIS/Device/ST/STM32H7xx/Include -I../Drivers/CMSIS/Include -I../USB_DEVICE/App -I../USB_DEVICE/Target -I../Middlewares/ST/STM32_USB_Device_Library/Core/Inc -I../Middlewares/ST/STM32_USB_Device_Library/Class/CDC/Inc -O0 -ffunction-sections -fdata-sections -Wall -fstack-usage -MMD -MP -MF"Drivers/Communication/communication.d" -MT"Drivers/Communication/communication.o" --specs=nano.specs -mfpu=fpv5-d16 -mfloat-abi=hard -mthumb -o "Drivers/Communication/communication.o"
arm-none-eabi-gcc "../Core/Src/main.c" -mcpu=cortex-m7 -std=gnu11 -g3 -DUSE_HAL_DRIVER -DSTM32H743xx -DDEBUG -c -I../Core/Inc -I"C:/Users/pasik/OneDrive - thumaster/OneDrive - thu.de/Master/Semester_2/Masterprojekt/Software/Mikrocontroller/USB_Transmission_Protokol/Sources" -I../Drivers/Communication -I../Drivers/STM32H7xx_HAL_Driver/Inc -I../Drivers/STM32H7xx_HAL_Driver/Inc/Legacy -I../Drivers/CMSIS/Device/ST/STM32H7xx/Include -I../Drivers/CMSIS/Include -I../USB_DEVICE/App -I../USB_DEVICE/Target -I../Middlewares/ST/STM32_USB_Device_Library/Core/Inc -I../Middlewares/ST/STM32_USB_Device_Library/Class/CDC/Inc -O0 -ffunction-sections -fdata-sections -Wall -fstack-usage -MMD -MP -MF"Core/Src/main.d" -MT"Core/Src/main.o" --specs=nano.specs -mfpu=fpv5-d16 -mfloat-abi=hard -mthumb -o "Core/Src/main.o"
../Core/Src/main.c: In function 'main':
../Core/Src/main.c:389:20: warning: unused variable 'uebmeasure' [-Wunused-variable]
  389 |   UEB_MeasuresType uebmeasure;
      |                    ^~~~~~~~~~
arm-none-eabi-gcc -o "UEB_2.elf" @"objects.list"   -mcpu=cortex-m7 -T"C:\Users\pasik\OneDrive - thumaster\OneDrive - thu.de\Master\Semester_2\Masterprojekt\Software\Mikrocontroller\UEB_2\STM32H743IITX_FLASH.ld" --specs=nosys.specs -Wl,-Map="UEB_2.map" -Wl,--gc-sections -static --specs=nano.specs -mfpu=fpv5-d16 -mfloat-abi=hard -mthumb -Wl,--start-group -lc -lm -Wl,--end-group
Finished building target: UEB_2.elf
 
arm-none-eabi-size   UEB_2.elf 
arm-none-eabi-objdump -h -S  UEB_2.elf  > "UEB_2.list"
   text	   data	    bss	    dec	    hex	filename
  73984	  15368	  12096	 101448	  18c48	UEB_2.elf
Finished building: default.size.stdout
 
Finished building: UEB_2.list
 
17:03:27 **** Incremental Build of configuration Debug for project UEB_2 ****
make -j8 all 
arm-none-eabi-size   UEB_2.elf 
   text	   data	    bss	    dec	    hex	filename
  73984	  15368	  12096	 101448	  18c48	UEB_2.elf
Finished building: default.size.stdout
 
17:04:47 **** Incremental Build of configuration Debug for project UEB_2 ****
make -j8 all 
arm-none-eabi-gcc "../Drivers/Communication/communication.c" -mcpu=cortex-m7 -std=gnu11 -g3 -DUSE_HAL_DRIVER -DSTM32H743xx -DDEBUG -c -I../Core/Inc -I../Drivers/Communication -I../Drivers/STM32H7xx_HAL_Driver/Inc -I../Drivers/STM32H7xx_HAL_Driver/Inc/Legacy -I../Drivers/CMSIS/Device/ST/STM32H7xx/Include -I../Drivers/CMSIS/Include -I../USB_DEVICE/App -I../USB_DEVICE/Target -I../Middlewares/ST/STM32_USB_Device_Library/Core/Inc -I../Middlewares/ST/STM32_USB_Device_Library/Class/CDC/Inc -O0 -ffunction-sections -fdata-sections -Wall -fstack-usage -MMD -MP -MF"Drivers/Communication/communication.d" -MT"Drivers/Communication/communication.o" --specs=nano.specs -mfpu=fpv5-d16 -mfloat-abi=hard -mthumb -o "Drivers/Communication/communication.o"
arm-none-eabi-gcc -o "UEB_2.elf" @"objects.list"   -mcpu=cortex-m7 -T"C:\Users\pasik\OneDrive - thumaster\OneDrive - thu.de\Master\Semester_2\Masterprojekt\Software\Mikrocontroller\UEB_2\STM32H743IITX_FLASH.ld" --specs=nosys.specs -Wl,-Map="UEB_2.map" -Wl,--gc-sections -static --specs=nano.specs -mfpu=fpv5-d16 -mfloat-abi=hard -mthumb -Wl,--start-group -lc -lm -Wl,--end-group
Finished building target: UEB_2.elf
 
arm-none-eabi-size   UEB_2.elf 
arm-none-eabi-objdump -h -S  UEB_2.elf  > "UEB_2.list"
   text	   data	    bss	    dec	    hex	filename
  73984	  15368	  12096	 101448	  18c48	UEB_2.elf
Finished building: default.size.stdout
 
Finished building: UEB_2.list
 
